// Jest Snapshot v1, https://goo.gl/fbAQLP

exports[`Component - Header renders a text element 1`] = `
<div
  className="Header"
>
  it works
</div>
`;
