// Jest Snapshot v1, https://goo.gl/fbAQLP

exports[`Component - App renders an input element 1`] = `
<div
  className="Input"
>
  <input
    type="text"
  />
</div>
`;
